{
    "pe_bam_index": {
        "content": [
            [
                [
                    {
                        "id": "test"
                    },
                    "test.bam.bai:md5,bc235b43786886957bd5bb5b6623d4dd"
                ]
            ]
        ],
        "timestamp": "2023-11-28T20:16:54.777406986"
    },
    "se_versions": {
        "content": [
            [
                "versions.yml:md5,3f08154389b908fdfee5d4a328781e96"
            ]
        ],
        "timestamp": "2023-11-28T20:16:41.462547633"
    },
    "se_bam": {
        "content": [
            [
                [
                    {
                        "id": "test"
                    },
                    "test.bam:md5,78f313558ada63981ce44aab74c820e0"
                ]
            ]
        ],
        "timestamp": "2023-11-28T20:16:41.443681215"
    },
    "se_bam_index": {
        "content": [
            [
                [
                    {
                        "id": "test"
                    },
                    "test.bam.bai:md5,5b32533afbf45f1b129b5a8a54097971"
                ]
            ]
        ],
        "timestamp": "2023-11-28T20:16:41.453659534"
    },
    "pe_bam": {
        "content": [
            [
                [
                    {
                        "id": "test"
                    },
                    "test.bam:md5,be76af944c7eadbecbf87e6e2688731b"
                ]
            ]
        ],
        "timestamp": "2023-11-28T20:16:54.762666028"
    },
    "pe_versions": {
        "content": [
            [
                "versions.yml:md5,3f08154389b908fdfee5d4a328781e96"
            ]
        ],
        "timestamp": "2023-11-28T20:16:54.790456685"
    }
}