{
    "versions": {
        "content": [
            [
                "versions.yml:md5,caa3e8096399d35c725d7e2d430605c9"
            ]
        ],
        "timestamp": "2023-11-28T21:13:45.569940036"
    },
    "out_bed": {
        "content": [
            [
                [
                    {
                        "id": "test",
                        "single_end": false
                    },
                    "test.bed.gz:md5,8136632b0c17c61857a302a57ae302ef"
                ]
            ]
        ],
        "timestamp": "2023-11-28T21:13:45.564582687"
    }
}